# (This file is the basis of the `filesdump.txt` in which it is included, i.e. the document you are reading right now.
# The files in this manifest are the relevant files for understanding how the project hangs together.
# Files which are commented out are not included in the `filesdump.txt`.)

### --- Context & Meta ---
# ⚠️ NON-NEGOTIABLE collaboration rules - READ FIRST
CRITICAL_RULES.md

LLM-instructions.md
manifest.lst
tmp/project-tree.txt

README.md
TODO.md
# CHANGELOG.md

### --- Build & Configuration ---
Makefile
requirements.txt
.gitignore
# .gitattributes

### --- AppleScript ---
macros/MailExporter/export_mail.applescript

### --- Python ---
macros/MailExporter/suffix_helper.py
scripts/KarabinerConverter/karabiner_converter.py

### --- DevOps Tools ---
# tools/concat_files.py

### --- Testing AppleScript ---
# N/A

### --- Testing Python tools ---
# Excel workbook with rules and matching golden
# tests/fixtures/KarabinerConverter/rules.xlsx
tests/fixtures/KarabinerConverter/rules.json

tests/fixtures/MailExporter/contacts.csv
tests/fixtures/MailExporter/own_addresses.txt

tests/KarabinerConverter/test_karabiner_converter.py
tests/MailExporter/test_suffix_helper.py

### --- Data ---
data/KarabinerConverter/rules.example.xlsx
data/MailExporter/contacts.example.csv
data/MailExporter/own_addresses.example.txt

#### --- Output from running macros and scripts ---
# build/KarabinerConverter
# build/MailExporter/export_mail.scpt
